Configuration file: /Users/yunhong/myh4832.github.io/_config.yml
To use retry middleware with Faraday v2.0+, install `faraday-retry` gem
            Source: /Users/yunhong/myh4832.github.io
       Destination: /Users/yunhong/myh4832.github.io/_site
 Incremental build: disabled. Enable with --incremental
      Generating... 
      Remote Theme: Using theme mmistakes/minimal-mistakes
[31m  Liquid Exception: Liquid syntax error (/Users/yunhong/myh4832.github.io/_includes/head.html line 18): Tag '{% - endif %}' was not properly terminated with regexp: /\%\}/ included in /_layouts/default.html[0m
jekyll 3.10.0 | Error:  Liquid syntax error (/Users/yunhong/myh4832.github.io/_includes/head.html line 18): Tag '{% - endif %}' was not properly terminated with regexp: /\%\}/ included 
/Users/yunhong/.gem/ruby/3.2.0/gems/liquid-4.0.4/lib/liquid/block_body.rb:132:in `raise_missing_tag_terminator': Liquid syntax error (/Users/yunhong/myh4832.github.io/_includes/head.html line 18): Tag '{% - endif %}' was not properly terminated with regexp: /\%\}/ included  (Liquid::SyntaxError)
	from /Users/yunhong/.gem/ruby/3.2.0/gems/liquid-4.0.4/lib/liquid/block_body.rb:24:in `parse'
	from /Users/yunhong/.gem/ruby/3.2.0/gems/liquid-4.0.4/lib/liquid/block.rb:58:in `parse_body'
	from /Users/yunhong/.gem/ruby/3.2.0/gems/liquid-4.0.4/lib/liquid/tags/if.rb:30:in `parse'
	from /Users/yunhong/.gem/ruby/3.2.0/gems/liquid-4.0.4/lib/liquid/tag.rb:10:in `parse'
	from /Users/yunhong/.gem/ruby/3.2.0/gems/liquid-4.0.4/lib/liquid/block_body.rb:34:in `parse'
	from /Users/yunhong/.gem/ruby/3.2.0/gems/liquid-4.0.4/lib/liquid/document.rb:10:in `parse'
	from /Users/yunhong/.gem/ruby/3.2.0/gems/liquid-4.0.4/lib/liquid/document.rb:5:in `parse'
	from /Users/yunhong/.gem/ruby/3.2.0/gems/liquid-4.0.4/lib/liquid/template.rb:130:in `parse'
	from /Users/yunhong/.gem/ruby/3.2.0/gems/liquid-4.0.4/lib/liquid/template.rb:114:in `parse'
	from /Users/yunhong/.rbenv/versions/3.2.2/lib/ruby/gems/3.2.0/gems/jekyll-3.10.0/lib/jekyll/liquid_renderer/file.rb:13:in `block in parse'
	from /Users/yunhong/.rbenv/versions/3.2.2/lib/ruby/gems/3.2.0/gems/jekyll-3.10.0/lib/jekyll/liquid_renderer/file.rb:49:in `measure_time'
	from /Users/yunhong/.rbenv/versions/3.2.2/lib/ruby/gems/3.2.0/gems/jekyll-3.10.0/lib/jekyll/liquid_renderer/file.rb:12:in `parse'
	from /Users/yunhong/.rbenv/versions/3.2.2/lib/ruby/gems/3.2.0/gems/jekyll-3.10.0/lib/jekyll/tags/include.rb:174:in `load_cached_partial'
	from /Users/yunhong/.rbenv/versions/3.2.2/lib/ruby/gems/3.2.0/gems/jekyll-3.10.0/lib/jekyll/tags/include.rb:135:in `render'
	from /Users/yunhong/.gem/ruby/3.2.0/gems/liquid-4.0.4/lib/liquid/block_body.rb:103:in `render_node_to_output'
	from /Users/yunhong/.gem/ruby/3.2.0/gems/liquid-4.0.4/lib/liquid/block_body.rb:91:in `render'
	from /Users/yunhong/.gem/ruby/3.2.0/gems/liquid-4.0.4/lib/liquid/template.rb:206:in `block in render'
	from /Users/yunhong/.gem/ruby/3.2.0/gems/liquid-4.0.4/lib/liquid/template.rb:240:in `with_profiling'
	from /Users/yunhong/.gem/ruby/3.2.0/gems/liquid-4.0.4/lib/liquid/template.rb:205:in `render'
	from /Users/yunhong/.gem/ruby/3.2.0/gems/liquid-4.0.4/lib/liquid/template.rb:218:in `render!'
	from /Users/yunhong/.rbenv/versions/3.2.2/lib/ruby/gems/3.2.0/gems/jekyll-3.10.0/lib/jekyll/liquid_renderer/file.rb:30:in `block (2 levels) in render!'
	from /Users/yunhong/.rbenv/versions/3.2.2/lib/ruby/gems/3.2.0/gems/jekyll-3.10.0/lib/jekyll/liquid_renderer/file.rb:42:in `measure_bytes'
	from /Users/yunhong/.rbenv/versions/3.2.2/lib/ruby/gems/3.2.0/gems/jekyll-3.10.0/lib/jekyll/liquid_renderer/file.rb:29:in `block in render!'
	from /Users/yunhong/.rbenv/versions/3.2.2/lib/ruby/gems/3.2.0/gems/jekyll-3.10.0/lib/jekyll/liquid_renderer/file.rb:49:in `measure_time'
	from /Users/yunhong/.rbenv/versions/3.2.2/lib/ruby/gems/3.2.0/gems/jekyll-3.10.0/lib/jekyll/liquid_renderer/file.rb:28:in `render!'
	from /Users/yunhong/.rbenv/versions/3.2.2/lib/ruby/gems/3.2.0/gems/jekyll-3.10.0/lib/jekyll/renderer.rb:126:in `render_liquid'
	from /Users/yunhong/.rbenv/versions/3.2.2/lib/ruby/gems/3.2.0/gems/jekyll-3.10.0/lib/jekyll/renderer.rb:195:in `render_layout'
	from /Users/yunhong/.rbenv/versions/3.2.2/lib/ruby/gems/3.2.0/gems/jekyll-3.10.0/lib/jekyll/renderer.rb:158:in `place_in_layouts'
	from /Users/yunhong/.rbenv/versions/3.2.2/lib/ruby/gems/3.2.0/gems/jekyll-3.10.0/lib/jekyll/renderer.rb:88:in `render_document'
	from /Users/yunhong/.rbenv/versions/3.2.2/lib/ruby/gems/3.2.0/gems/jekyll-3.10.0/lib/jekyll/renderer.rb:62:in `run'
	from /Users/yunhong/.rbenv/versions/3.2.2/lib/ruby/gems/3.2.0/gems/jekyll-3.10.0/lib/jekyll/site.rb:479:in `render_regenerated'
	from /Users/yunhong/.rbenv/versions/3.2.2/lib/ruby/gems/3.2.0/gems/jekyll-3.10.0/lib/jekyll/site.rb:472:in `block in render_pages'
	from /Users/yunhong/.rbenv/versions/3.2.2/lib/ruby/gems/3.2.0/gems/jekyll-3.10.0/lib/jekyll/site.rb:471:in `each'
	from /Users/yunhong/.rbenv/versions/3.2.2/lib/ruby/gems/3.2.0/gems/jekyll-3.10.0/lib/jekyll/site.rb:471:in `render_pages'
	from /Users/yunhong/.rbenv/versions/3.2.2/lib/ruby/gems/3.2.0/gems/jekyll-3.10.0/lib/jekyll/site.rb:192:in `render'
	from /Users/yunhong/.rbenv/versions/3.2.2/lib/ruby/gems/3.2.0/gems/jekyll-3.10.0/lib/jekyll/site.rb:71:in `process'
	from /Users/yunhong/.rbenv/versions/3.2.2/lib/ruby/gems/3.2.0/gems/jekyll-3.10.0/lib/jekyll/command.rb:28:in `process_site'
	from /Users/yunhong/.rbenv/versions/3.2.2/lib/ruby/gems/3.2.0/gems/jekyll-3.10.0/lib/jekyll/commands/build.rb:65:in `build'
	from /Users/yunhong/.rbenv/versions/3.2.2/lib/ruby/gems/3.2.0/gems/jekyll-3.10.0/lib/jekyll/commands/build.rb:36:in `process'
	from /Users/yunhong/.rbenv/versions/3.2.2/lib/ruby/gems/3.2.0/gems/jekyll-3.10.0/lib/jekyll/commands/build.rb:18:in `block (2 levels) in init_with_program'
	from /Users/yunhong/.rbenv/versions/3.2.2/lib/ruby/gems/3.2.0/gems/mercenary-0.3.6/lib/mercenary/command.rb:220:in `block in execute'
	from /Users/yunhong/.rbenv/versions/3.2.2/lib/ruby/gems/3.2.0/gems/mercenary-0.3.6/lib/mercenary/command.rb:220:in `each'
	from /Users/yunhong/.rbenv/versions/3.2.2/lib/ruby/gems/3.2.0/gems/mercenary-0.3.6/lib/mercenary/command.rb:220:in `execute'
	from /Users/yunhong/.rbenv/versions/3.2.2/lib/ruby/gems/3.2.0/gems/mercenary-0.3.6/lib/mercenary/program.rb:42:in `go'
	from /Users/yunhong/.rbenv/versions/3.2.2/lib/ruby/gems/3.2.0/gems/mercenary-0.3.6/lib/mercenary.rb:19:in `program'
	from /Users/yunhong/.rbenv/versions/3.2.2/lib/ruby/gems/3.2.0/gems/jekyll-3.10.0/exe/jekyll:15:in `<top (required)>'
	from /Users/yunhong/.rbenv/versions/3.2.2/bin/jekyll:25:in `load'
	from /Users/yunhong/.rbenv/versions/3.2.2/bin/jekyll:25:in `<top (required)>'
	from /Users/yunhong/.rbenv/versions/3.2.2/lib/ruby/gems/3.2.0/gems/bundler-2.7.2/lib/bundler/cli/exec.rb:59:in `load'
	from /Users/yunhong/.rbenv/versions/3.2.2/lib/ruby/gems/3.2.0/gems/bundler-2.7.2/lib/bundler/cli/exec.rb:59:in `kernel_load'
	from /Users/yunhong/.rbenv/versions/3.2.2/lib/ruby/gems/3.2.0/gems/bundler-2.7.2/lib/bundler/cli/exec.rb:23:in `run'
	from /Users/yunhong/.rbenv/versions/3.2.2/lib/ruby/gems/3.2.0/gems/bundler-2.7.2/lib/bundler/cli.rb:456:in `exec'
	from /Users/yunhong/.rbenv/versions/3.2.2/lib/ruby/gems/3.2.0/gems/bundler-2.7.2/lib/bundler/vendor/thor/lib/thor/command.rb:28:in `run'
	from /Users/yunhong/.rbenv/versions/3.2.2/lib/ruby/gems/3.2.0/gems/bundler-2.7.2/lib/bundler/vendor/thor/lib/thor/invocation.rb:127:in `invoke_command'
	from /Users/yunhong/.rbenv/versions/3.2.2/lib/ruby/gems/3.2.0/gems/bundler-2.7.2/lib/bundler/vendor/thor/lib/thor.rb:538:in `dispatch'
	from /Users/yunhong/.rbenv/versions/3.2.2/lib/ruby/gems/3.2.0/gems/bundler-2.7.2/lib/bundler/cli.rb:35:in `dispatch'
	from /Users/yunhong/.rbenv/versions/3.2.2/lib/ruby/gems/3.2.0/gems/bundler-2.7.2/lib/bundler/vendor/thor/lib/thor/base.rb:584:in `start'
	from /Users/yunhong/.rbenv/versions/3.2.2/lib/ruby/gems/3.2.0/gems/bundler-2.7.2/lib/bundler/cli.rb:29:in `start'
	from /Users/yunhong/.rbenv/versions/3.2.2/lib/ruby/gems/3.2.0/gems/bundler-2.7.2/exe/bundle:28:in `block in <top (required)>'
	from /Users/yunhong/.rbenv/versions/3.2.2/lib/ruby/gems/3.2.0/gems/bundler-2.7.2/lib/bundler/friendly_errors.rb:118:in `with_friendly_errors'
	from /Users/yunhong/.rbenv/versions/3.2.2/lib/ruby/gems/3.2.0/gems/bundler-2.7.2/exe/bundle:20:in `<top (required)>'
	from /Users/yunhong/.rbenv/versions/3.2.2/bin/bundle:25:in `load'
	from /Users/yunhong/.rbenv/versions/3.2.2/bin/bundle:25:in `<main>'
